[0.091s] Invoking command in '/mnt/c/Users/user/gazebo_deth/build/asv_exhibition': CMAKE_PREFIX_PATH=/opt/ros/humble /usr/bin/cmake /mnt/c/Users/user/gazebo_deth/src/asv_exhibition -DCMAKE_INSTALL_PREFIX=/mnt/c/Users/user/gazebo_deth/install/asv_exhibition
[0.174s] -- Found ament_cmake: 1.3.14 (/opt/ros/humble/share/ament_cmake/cmake)
[0.228s] [31mCMake Error at /opt/ros/humble/share/ament_cmake_core/cmake/core/stamp.cmake:24 (configure_file):
[0.229s]   Operation not permitted
[0.230s] Call Stack (most recent call first):
[0.231s]   /opt/ros/humble/share/ament_cmake_core/cmake/ament_cmake_package_templates-extras.cmake:24 (stamp)
[0.232s]   /opt/ros/humble/share/ament_cmake_core/cmake/ament_cmake_coreConfig.cmake:41 (include)
[0.233s]   /opt/ros/humble/share/ament_cmake/cmake/ament_cmake_export_dependencies-extras.cmake:15 (find_package)
[0.235s]   /opt/ros/humble/share/ament_cmake/cmake/ament_cmakeConfig.cmake:41 (include)
[0.236s]   CMakeLists.txt:9 (find_package)
[0.237s] 
[0.238s] [0m
[0.315s] [31mCMake Error at /opt/ros/humble/share/ament_cmake_core/cmake/ament_cmake_uninstall_target-extras.cmake:28 (configure_file):
[0.316s]   Operation not permitted
[0.317s] Call Stack (most recent call first):
[0.318s]   /opt/ros/humble/share/ament_cmake_core/cmake/ament_cmake_coreConfig.cmake:41 (include)
[0.318s]   /opt/ros/humble/share/ament_cmake/cmake/ament_cmake_export_dependencies-extras.cmake:15 (find_package)
[0.319s]   /opt/ros/humble/share/ament_cmake/cmake/ament_cmakeConfig.cmake:41 (include)
[0.320s]   CMakeLists.txt:9 (find_package)
[0.320s] 
[0.321s] [0m
[0.343s] [31mCMake Error at /opt/ros/humble/share/ament_cmake_test/cmake/ament_cmake_test-extras.cmake:34 (configure_file):
[0.344s]   Operation not permitted
[0.345s] Call Stack (most recent call first):
[0.345s]   /opt/ros/humble/share/ament_cmake_test/cmake/ament_cmake_testConfig.cmake:41 (include)
[0.346s]   /opt/ros/humble/share/ament_cmake/cmake/ament_cmake_export_dependencies-extras.cmake:21 (find_package)
[0.347s]   /opt/ros/humble/share/ament_cmake/cmake/ament_cmakeConfig.cmake:41 (include)
[0.348s]   CMakeLists.txt:9 (find_package)
[0.348s] 
[0.349s] [0m
[0.350s] -- Found rclcpp: 16.0.19 (/opt/ros/humble/share/rclcpp/cmake)
[0.523s] [33mCMake Warning at /opt/ros/humble/share/rcutils/cmake/ament_cmake_export_libraries-extras.cmake:116 (message):
[0.524s]   Package 'rcutils' exports library 'dl' which couldn't be found
[0.525s] Call Stack (most recent call first):
[0.526s]   /opt/ros/humble/share/rcutils/cmake/rcutilsConfig.cmake:41 (include)
[0.527s]   /opt/ros/humble/share/rosidl_runtime_c/cmake/ament_cmake_export_dependencies-extras.cmake:21 (find_package)
[0.528s]   /opt/ros/humble/share/rosidl_runtime_c/cmake/rosidl_runtime_cConfig.cmake:41 (include)
[0.529s]   /opt/ros/humble/share/builtin_interfaces/cmake/ament_cmake_export_dependencies-extras.cmake:21 (find_package)
[0.530s]   /opt/ros/humble/share/builtin_interfaces/cmake/builtin_interfacesConfig.cmake:41 (include)
[0.531s]   /opt/ros/humble/share/libstatistics_collector/cmake/ament_cmake_export_dependencies-extras.cmake:21 (find_package)
[0.532s]   /opt/ros/humble/share/libstatistics_collector/cmake/libstatistics_collectorConfig.cmake:41 (include)
[0.533s]   /opt/ros/humble/share/rclcpp/cmake/ament_cmake_export_dependencies-extras.cmake:21 (find_package)
[0.534s]   /opt/ros/humble/share/rclcpp/cmake/rclcppConfig.cmake:41 (include)
[0.535s]   CMakeLists.txt:11 (find_package)
[0.536s] 
[0.537s] [0m
[0.538s] -- Found rosidl_generator_c: 3.1.9 (/opt/ros/humble/share/rosidl_generator_c/cmake)
[0.539s] -- Found rosidl_adapter: 3.1.9 (/opt/ros/humble/share/rosidl_adapter/cmake)
[0.540s] -- Found rosidl_generator_cpp: 3.1.9 (/opt/ros/humble/share/rosidl_generator_cpp/cmake)
[0.543s] -- Using all available rosidl_typesupport_c: rosidl_typesupport_fastrtps_c;rosidl_typesupport_introspection_c
[0.553s] -- Using all available rosidl_typesupport_cpp: rosidl_typesupport_fastrtps_cpp;rosidl_typesupport_introspection_cpp
[0.577s] -- Found rmw_implementation_cmake: 6.1.2 (/opt/ros/humble/share/rmw_implementation_cmake/cmake)
[0.581s] -- Found rmw_fastrtps_cpp: 6.2.10 (/opt/ros/humble/share/rmw_fastrtps_cpp/cmake)
[8.107s] -- Using RMW implementation 'rmw_fastrtps_cpp' as default
[9.908s] [31mCMake Error at /opt/ros/humble/share/rcl_logging_spdlog/cmake/ament_cmake_export_dependencies-extras.cmake:21 (find_package):
[9.909s]   By not providing "Findspdlog.cmake" in CMAKE_MODULE_PATH this project has
[9.910s]   asked CMake to find a package configuration file provided by "spdlog", but
[9.911s]   CMake did not find one.
[9.912s] 
[9.913s]   Could not find a package configuration file provided by "spdlog" with any
[9.915s]   of the following names:
[9.916s] 
[9.916s]     spdlogConfig.cmake
[9.917s]     spdlog-config.cmake
[9.918s] 
[9.919s]   Add the installation prefix of "spdlog" to CMAKE_PREFIX_PATH or set
[9.920s]   "spdlog_DIR" to a directory containing one of the above files.  If "spdlog"
[9.921s]   provides a separate development package or SDK, be sure it has been
[9.922s]   installed.
[9.923s] Call Stack (most recent call first):
[9.924s]   /opt/ros/humble/share/rcl_logging_spdlog/cmake/rcl_logging_spdlogConfig.cmake:41 (include)
[9.925s]   /opt/ros/humble/share/rcl/cmake/ament_cmake_export_dependencies-extras.cmake:21 (find_package)
[9.926s]   /opt/ros/humble/share/rcl/cmake/rclConfig.cmake:41 (include)
[9.927s]   /opt/ros/humble/share/libstatistics_collector/cmake/ament_cmake_export_dependencies-extras.cmake:21 (find_package)
[9.928s]   /opt/ros/humble/share/libstatistics_collector/cmake/libstatistics_collectorConfig.cmake:41 (include)
[9.929s]   /opt/ros/humble/share/rclcpp/cmake/ament_cmake_export_dependencies-extras.cmake:21 (find_package)
[9.930s]   /opt/ros/humble/share/rclcpp/cmake/rclcppConfig.cmake:41 (include)
[9.931s]   CMakeLists.txt:11 (find_package)
[9.932s] 
[9.933s] [0m
[9.934s] -- Configuring incomplete, errors occurred!
[9.935s] See also "/mnt/c/Users/user/gazebo_deth/build/asv_exhibition/CMakeFiles/CMakeOutput.log".
[9.936s] See also "/mnt/c/Users/user/gazebo_deth/build/asv_exhibition/CMakeFiles/CMakeError.log".
[9.949s] Invoked command in '/mnt/c/Users/user/gazebo_deth/build/asv_exhibition' returned '1': CMAKE_PREFIX_PATH=/opt/ros/humble /usr/bin/cmake /mnt/c/Users/user/gazebo_deth/src/asv_exhibition -DCMAKE_INSTALL_PREFIX=/mnt/c/Users/user/gazebo_deth/install/asv_exhibition
