[0.281s] DEBUG:colcon:Command line arguments: ['/usr/bin/colcon', 'build']
[0.282s] DEBUG:colcon:Parsed command line arguments: Namespace(log_base=None, log_level=None, verb_name='build', build_base='build', install_base='install', merge_install=False, symlink_install=False, test_result_base=None, continue_on_error=False, executor='parallel', parallel_workers=20, event_handlers=None, ignore_user_meta=False, metas=['./colcon.meta'], base_paths=['.'], packages_ignore=None, packages_ignore_regex=None, paths=None, packages_up_to=None, packages_up_to_regex=None, packages_above=None, packages_above_and_dependencies=None, packages_above_depth=None, packages_select_by_dep=None, packages_skip_by_dep=None, packages_skip_up_to=None, packages_select_build_failed=False, packages_skip_build_finished=False, packages_select_test_failures=False, packages_skip_test_passed=False, packages_select=None, packages_skip=None, packages_select_regex=None, packages_skip_regex=None, packages_start=None, packages_end=None, allow_overriding=[], cmake_args=None, cmake_target=None, cmake_target_skip_unavailable=False, cmake_clean_cache=False, cmake_clean_first=False, cmake_force_configure=False, ament_cmake_args=None, catkin_cmake_args=None, catkin_skip_building_tests=False, mixin_files=None, mixin=None, verb_parser=<colcon_mixin.mixin.mixin_argument.MixinArgumentDecorator object at 0x7e3bdc149780>, verb_extension=<colcon_core.verb.build.BuildVerb object at 0x7e3bdc1492d0>, main=<bound method BuildVerb.main of <colcon_core.verb.build.BuildVerb object at 0x7e3bdc1492d0>>, mixin_verb=('build',))
[0.395s] Level 1:colcon.colcon_core.package_discovery:discover_packages(colcon_meta) check parameters
[0.396s] Level 1:colcon.colcon_core.package_discovery:discover_packages(recursive) check parameters
[0.396s] Level 1:colcon.colcon_core.package_discovery:discover_packages(ignore) check parameters
[0.397s] Level 1:colcon.colcon_core.package_discovery:discover_packages(path) check parameters
[0.397s] Level 1:colcon.colcon_core.package_discovery:discover_packages(colcon_meta) discover
[0.397s] Level 1:colcon.colcon_core.package_discovery:discover_packages(recursive) discover
[0.397s] INFO:colcon.colcon_core.package_discovery:Crawling recursively for packages in '/mnt/c/Users/user/gazebo_deth'
[0.400s] Level 1:colcon.colcon_core.package_identification:_identify(.) by extensions ['ignore', 'ignore_ament_install']
[0.400s] Level 1:colcon.colcon_core.package_identification:_identify(.) by extension 'ignore'
[0.401s] Level 1:colcon.colcon_core.package_identification:_identify(.) by extension 'ignore_ament_install'
[0.402s] Level 1:colcon.colcon_core.package_identification:_identify(.) by extensions ['colcon_pkg']
[0.402s] Level 1:colcon.colcon_core.package_identification:_identify(.) by extension 'colcon_pkg'
[0.403s] Level 1:colcon.colcon_core.package_identification:_identify(.) by extensions ['colcon_meta']
[0.403s] Level 1:colcon.colcon_core.package_identification:_identify(.) by extension 'colcon_meta'
[0.404s] Level 1:colcon.colcon_core.package_identification:_identify(.) by extensions ['ros']
[0.404s] Level 1:colcon.colcon_core.package_identification:_identify(.) by extension 'ros'
[0.414s] Level 1:colcon.colcon_core.package_identification:_identify(.) by extensions ['cmake', 'python']
[0.414s] Level 1:colcon.colcon_core.package_identification:_identify(.) by extension 'cmake'
[0.415s] Level 1:colcon.colcon_core.package_identification:_identify(.) by extension 'python'
[0.415s] Level 1:colcon.colcon_core.package_identification:_identify(.) by extensions ['python_setup_py']
[0.415s] Level 1:colcon.colcon_core.package_identification:_identify(.) by extension 'python_setup_py'
[0.419s] Level 1:colcon.colcon_core.package_identification:_identify(build) by extensions ['ignore', 'ignore_ament_install']
[0.420s] Level 1:colcon.colcon_core.package_identification:_identify(build) by extension 'ignore'
[0.422s] Level 1:colcon.colcon_core.package_identification:_identify(build) ignored
[0.426s] Level 1:colcon.colcon_core.package_identification:_identify(install) by extensions ['ignore', 'ignore_ament_install']
[0.427s] Level 1:colcon.colcon_core.package_identification:_identify(install) by extension 'ignore'
[0.429s] Level 1:colcon.colcon_core.package_identification:_identify(install) ignored
[0.435s] Level 1:colcon.colcon_core.package_identification:_identify(log) by extensions ['ignore', 'ignore_ament_install']
[0.436s] Level 1:colcon.colcon_core.package_identification:_identify(log) by extension 'ignore'
[0.438s] Level 1:colcon.colcon_core.package_identification:_identify(log) ignored
[0.442s] Level 1:colcon.colcon_core.package_identification:_identify(src) by extensions ['ignore', 'ignore_ament_install']
[0.442s] Level 1:colcon.colcon_core.package_identification:_identify(src) by extension 'ignore'
[0.443s] Level 1:colcon.colcon_core.package_identification:_identify(src) by extension 'ignore_ament_install'
[0.446s] Level 1:colcon.colcon_core.package_identification:_identify(src) by extensions ['colcon_pkg']
[0.446s] Level 1:colcon.colcon_core.package_identification:_identify(src) by extension 'colcon_pkg'
[0.447s] Level 1:colcon.colcon_core.package_identification:_identify(src) by extensions ['colcon_meta']
[0.447s] Level 1:colcon.colcon_core.package_identification:_identify(src) by extension 'colcon_meta'
[0.448s] Level 1:colcon.colcon_core.package_identification:_identify(src) by extensions ['ros']
[0.449s] Level 1:colcon.colcon_core.package_identification:_identify(src) by extension 'ros'
[0.454s] Level 1:colcon.colcon_core.package_identification:_identify(src) by extensions ['cmake', 'python']
[0.454s] Level 1:colcon.colcon_core.package_identification:_identify(src) by extension 'cmake'
[0.455s] Level 1:colcon.colcon_core.package_identification:_identify(src) by extension 'python'
[0.457s] Level 1:colcon.colcon_core.package_identification:_identify(src) by extensions ['python_setup_py']
[0.457s] Level 1:colcon.colcon_core.package_identification:_identify(src) by extension 'python_setup_py'
[0.463s] Level 1:colcon.colcon_core.package_identification:_identify(src/asv_exhibition) by extensions ['ignore', 'ignore_ament_install']
[0.464s] Level 1:colcon.colcon_core.package_identification:_identify(src/asv_exhibition) by extension 'ignore'
[0.466s] Level 1:colcon.colcon_core.package_identification:_identify(src/asv_exhibition) by extension 'ignore_ament_install'
[0.469s] Level 1:colcon.colcon_core.package_identification:_identify(src/asv_exhibition) by extensions ['colcon_pkg']
[0.470s] Level 1:colcon.colcon_core.package_identification:_identify(src/asv_exhibition) by extension 'colcon_pkg'
[0.471s] Level 1:colcon.colcon_core.package_identification:_identify(src/asv_exhibition) by extensions ['colcon_meta']
[0.472s] Level 1:colcon.colcon_core.package_identification:_identify(src/asv_exhibition) by extension 'colcon_meta'
[0.474s] Level 1:colcon.colcon_core.package_identification:_identify(src/asv_exhibition) by extensions ['ros']
[0.475s] Level 1:colcon.colcon_core.package_identification:_identify(src/asv_exhibition) by extension 'ros'
[0.496s] DEBUG:colcon.colcon_core.package_identification:Package 'src/asv_exhibition' with type 'ros.ament_cmake' and name 'asv_exhibition'
[0.500s] Level 1:colcon.colcon_core.package_identification:_identify(web_ui) by extensions ['ignore', 'ignore_ament_install']
[0.501s] Level 1:colcon.colcon_core.package_identification:_identify(web_ui) by extension 'ignore'
[0.502s] Level 1:colcon.colcon_core.package_identification:_identify(web_ui) by extension 'ignore_ament_install'
[0.504s] Level 1:colcon.colcon_core.package_identification:_identify(web_ui) by extensions ['colcon_pkg']
[0.504s] Level 1:colcon.colcon_core.package_identification:_identify(web_ui) by extension 'colcon_pkg'
[0.505s] Level 1:colcon.colcon_core.package_identification:_identify(web_ui) by extensions ['colcon_meta']
[0.505s] Level 1:colcon.colcon_core.package_identification:_identify(web_ui) by extension 'colcon_meta'
[0.506s] Level 1:colcon.colcon_core.package_identification:_identify(web_ui) by extensions ['ros']
[0.507s] Level 1:colcon.colcon_core.package_identification:_identify(web_ui) by extension 'ros'
[0.511s] Level 1:colcon.colcon_core.package_identification:_identify(web_ui) by extensions ['cmake', 'python']
[0.511s] Level 1:colcon.colcon_core.package_identification:_identify(web_ui) by extension 'cmake'
[0.512s] Level 1:colcon.colcon_core.package_identification:_identify(web_ui) by extension 'python'
[0.513s] Level 1:colcon.colcon_core.package_identification:_identify(web_ui) by extensions ['python_setup_py']
[0.513s] Level 1:colcon.colcon_core.package_identification:_identify(web_ui) by extension 'python_setup_py'
[0.515s] Level 1:colcon.colcon_core.package_discovery:discover_packages(recursive) using defaults
[0.515s] Level 1:colcon.colcon_core.package_discovery:discover_packages(ignore) discover
[0.515s] Level 1:colcon.colcon_core.package_discovery:discover_packages(ignore) using defaults
[0.516s] Level 1:colcon.colcon_core.package_discovery:discover_packages(path) discover
[0.516s] Level 1:colcon.colcon_core.package_discovery:discover_packages(path) using defaults
[0.540s] Level 1:colcon.colcon_core.package_discovery:discover_packages(prefix_path) check parameters
[0.540s] Level 1:colcon.colcon_core.package_discovery:discover_packages(prefix_path) discover
[0.578s] DEBUG:colcon.colcon_installed_package_information.package_discovery:Found 1 installed packages in /mnt/c/Users/user/gazebo_deth/install
[0.580s] DEBUG:colcon.colcon_installed_package_information.package_discovery:Found 338 installed packages in /opt/ros/humble
[0.581s] Level 1:colcon.colcon_core.package_discovery:discover_packages(prefix_path) using defaults
[0.620s] Level 5:colcon.colcon_core.verb:set package 'asv_exhibition' build argument 'cmake_args' from command line to 'None'
[0.620s] Level 5:colcon.colcon_core.verb:set package 'asv_exhibition' build argument 'cmake_target' from command line to 'None'
[0.620s] Level 5:colcon.colcon_core.verb:set package 'asv_exhibition' build argument 'cmake_target_skip_unavailable' from command line to 'False'
[0.621s] Level 5:colcon.colcon_core.verb:set package 'asv_exhibition' build argument 'cmake_clean_cache' from command line to 'False'
[0.621s] Level 5:colcon.colcon_core.verb:set package 'asv_exhibition' build argument 'cmake_clean_first' from command line to 'False'
[0.621s] Level 5:colcon.colcon_core.verb:set package 'asv_exhibition' build argument 'cmake_force_configure' from command line to 'False'
[0.622s] Level 5:colcon.colcon_core.verb:set package 'asv_exhibition' build argument 'ament_cmake_args' from command line to 'None'
[0.622s] Level 5:colcon.colcon_core.verb:set package 'asv_exhibition' build argument 'catkin_cmake_args' from command line to 'None'
[0.622s] Level 5:colcon.colcon_core.verb:set package 'asv_exhibition' build argument 'catkin_skip_building_tests' from command line to 'False'
[0.623s] DEBUG:colcon.colcon_core.verb:Building package 'asv_exhibition' with the following arguments: {'ament_cmake_args': None, 'build_base': '/mnt/c/Users/user/gazebo_deth/build/asv_exhibition', 'catkin_cmake_args': None, 'catkin_skip_building_tests': False, 'cmake_args': None, 'cmake_clean_cache': False, 'cmake_clean_first': False, 'cmake_force_configure': False, 'cmake_target': None, 'cmake_target_skip_unavailable': False, 'install_base': '/mnt/c/Users/user/gazebo_deth/install/asv_exhibition', 'merge_install': False, 'path': '/mnt/c/Users/user/gazebo_deth/src/asv_exhibition', 'symlink_install': False, 'test_result_base': None}
[0.623s] INFO:colcon.colcon_core.executor:Executing jobs using 'parallel' executor
[0.624s] DEBUG:colcon.colcon_parallel_executor.executor.parallel:run_until_complete
[0.624s] INFO:colcon.colcon_ros.task.ament_cmake.build:Building ROS package in '/mnt/c/Users/user/gazebo_deth/src/asv_exhibition' with build type 'ament_cmake'
[0.625s] INFO:colcon.colcon_cmake.task.cmake.build:Building CMake package in '/mnt/c/Users/user/gazebo_deth/src/asv_exhibition'
[0.626s] INFO:colcon.colcon_core.plugin_system:Skipping extension 'colcon_core.shell.bat': Not used on non-Windows systems
[0.627s] INFO:colcon.colcon_core.shell:Skip shell extension 'powershell' for command environment: Not usable outside of PowerShell
[0.627s] DEBUG:colcon.colcon_core.shell:Skip shell extension 'dsv' for command environment
[0.761s] DEBUG:colcon.colcon_core.event_handler.log_command:Invoking command in '/mnt/c/Users/user/gazebo_deth/build/asv_exhibition': CMAKE_PREFIX_PATH=/opt/ros/humble /usr/bin/cmake /mnt/c/Users/user/gazebo_deth/src/asv_exhibition -DCMAKE_INSTALL_PREFIX=/mnt/c/Users/user/gazebo_deth/install/asv_exhibition
[12.559s] DEBUG:colcon.colcon_core.event_handler.log_command:Invoked command in '/mnt/c/Users/user/gazebo_deth/build/asv_exhibition' returned '1': CMAKE_PREFIX_PATH=/opt/ros/humble /usr/bin/cmake /mnt/c/Users/user/gazebo_deth/src/asv_exhibition -DCMAKE_INSTALL_PREFIX=/mnt/c/Users/user/gazebo_deth/install/asv_exhibition
[12.596s] Level 1:colcon.colcon_core.environment:create_environment_scripts_only(asv_exhibition)
[12.598s] Level 1:colcon.colcon_core.environment:checking '/mnt/c/Users/user/gazebo_deth/install/asv_exhibition' for CMake module files
[12.664s] Level 1:colcon.colcon_core.environment:checking '/mnt/c/Users/user/gazebo_deth/install/asv_exhibition' for CMake config files
[12.701s] Level 1:colcon.colcon_core.environment:checking '/mnt/c/Users/user/gazebo_deth/install/asv_exhibition/bin'
[12.703s] Level 1:colcon.colcon_core.environment:checking '/mnt/c/Users/user/gazebo_deth/install/asv_exhibition/lib/pkgconfig/asv_exhibition.pc'
[12.705s] Level 1:colcon.colcon_core.environment:checking '/mnt/c/Users/user/gazebo_deth/install/asv_exhibition/lib/python3.10/site-packages'
[12.707s] Level 1:colcon.colcon_core.environment:checking '/mnt/c/Users/user/gazebo_deth/install/asv_exhibition/bin'
[12.709s] INFO:colcon.colcon_core.shell:Creating package script '/mnt/c/Users/user/gazebo_deth/install/asv_exhibition/share/asv_exhibition/package.ps1'
[12.759s] INFO:colcon.colcon_core.shell:Creating package descriptor '/mnt/c/Users/user/gazebo_deth/install/asv_exhibition/share/asv_exhibition/package.dsv'
[12.777s] INFO:colcon.colcon_core.shell:Creating package script '/mnt/c/Users/user/gazebo_deth/install/asv_exhibition/share/asv_exhibition/package.sh'
[12.800s] INFO:colcon.colcon_core.shell:Creating package script '/mnt/c/Users/user/gazebo_deth/install/asv_exhibition/share/asv_exhibition/package.bash'
[12.825s] INFO:colcon.colcon_core.shell:Creating package script '/mnt/c/Users/user/gazebo_deth/install/asv_exhibition/share/asv_exhibition/package.zsh'
[12.851s] Level 1:colcon.colcon_core.environment:create_file_with_runtime_dependencies(/mnt/c/Users/user/gazebo_deth/install/asv_exhibition/share/colcon-core/packages/asv_exhibition)
[12.879s] DEBUG:colcon.colcon_parallel_executor.executor.parallel:closing loop
[12.879s] DEBUG:colcon.colcon_parallel_executor.executor.parallel:loop closed
[12.880s] DEBUG:colcon.colcon_parallel_executor.executor.parallel:run_until_complete finished with '1'
[12.880s] DEBUG:colcon.colcon_core.event_reactor:joining thread
[12.980s] INFO:colcon.colcon_core.plugin_system:Skipping extension 'colcon_notification.desktop_notification.notify_send': Could not find 'notify-send'
[12.981s] INFO:colcon.colcon_core.plugin_system:Skipping extension 'colcon_notification.desktop_notification.terminal_notifier': Not used on non-Darwin systems
[12.981s] INFO:colcon.colcon_core.plugin_system:Skipping extension 'colcon_notification.desktop_notification.win32': Not used on non-Windows systems
[12.981s] INFO:colcon.colcon_notification.desktop_notification:Sending desktop notification using 'notify2'
[12.982s] DEBUG:colcon.colcon_notification.desktop_notification.notify2:Failed to initialize notify2: org.freedesktop.DBus.Error.FileNotFound: Failed to connect to socket /run/user/1000/bus: No such file or directory
[12.982s] DEBUG:colcon.colcon_core.event_reactor:joined thread
[12.983s] INFO:colcon.colcon_core.shell:Creating prefix script '/mnt/c/Users/user/gazebo_deth/install/local_setup.ps1'
[13.019s] INFO:colcon.colcon_core.shell:Creating prefix util module '/mnt/c/Users/user/gazebo_deth/install/_local_setup_util_ps1.py'
[13.032s] INFO:colcon.colcon_core.shell:Creating prefix chain script '/mnt/c/Users/user/gazebo_deth/install/setup.ps1'
[13.056s] INFO:colcon.colcon_core.shell:Creating prefix script '/mnt/c/Users/user/gazebo_deth/install/local_setup.sh'
[13.072s] INFO:colcon.colcon_core.shell:Creating prefix util module '/mnt/c/Users/user/gazebo_deth/install/_local_setup_util_sh.py'
[13.084s] INFO:colcon.colcon_core.shell:Creating prefix chain script '/mnt/c/Users/user/gazebo_deth/install/setup.sh'
[13.094s] INFO:colcon.colcon_core.shell:Creating prefix script '/mnt/c/Users/user/gazebo_deth/install/local_setup.bash'
[13.103s] INFO:colcon.colcon_core.shell:Creating prefix chain script '/mnt/c/Users/user/gazebo_deth/install/setup.bash'
[13.116s] INFO:colcon.colcon_core.shell:Creating prefix script '/mnt/c/Users/user/gazebo_deth/install/local_setup.zsh'
[13.128s] INFO:colcon.colcon_core.shell:Creating prefix chain script '/mnt/c/Users/user/gazebo_deth/install/setup.zsh'
